[omundoeoseular.com.br/jornada/indexcf4f.html]
[backblue.gif]
[fade.gif]
[index.html]
[omundoeoseular.com.br/wp-content/plugins/hide-admin-bar-based-on-user-roles/public/css/hide-admin-bar-based-on-user-roles-public3fd0.css]
[omundoeoseular.com.br/wp-content/themes/hello-elementor/style.min324d.css]
[omundoeoseular.com.br/wp-content/themes/hello-elementor/theme.min324d.css]
[omundoeoseular.com.br/wp-content/themes/hello-elementor/header-footer.min324d.css]
[omundoeoseular.com.br/wp-content/plugins/elementor/assets/lib/eicons/css/elementor-icons.mine94d.css]
[omundoeoseular.com.br/wp-content/plugins/elementor/assets/css/frontend-lite.min5f06.css]
[omundoeoseular.com.br/wp-content/plugins/elementor/assets/lib/swiper/css/swiper.min48f5.css]
[omundoeoseular.com.br/wp-content/uploads/elementor/css/post-2743da07.css]
[omundoeoseular.com.br/wp-content/plugins/elementor-pro/assets/css/frontend-lite.mina2f3.css]
[omundoeoseular.com.br/wp-content/plugins/elementor/assets/lib/font-awesome/css/all.min5f06.css]
[omundoeoseular.com.br/wp-content/plugins/elementor/assets/lib/font-awesome/css/v4-shims.min5f06.css]
[omundoeoseular.com.br/wp-content/uploads/elementor/css/post-1620d9dc.css]
[omundoeoseular.com.br/wp-content/uploads/omgf/google-fonts-1-mod-fvpfq/google-fonts-1-mod-fvpfqbc70.css]
[omundoeoseular.com.br/wp-content/plugins/elementor/assets/lib/font-awesome/css/fontawesome.min52d5.css]
[omundoeoseular.com.br/wp-content/plugins/elementor/assets/lib/font-awesome/css/solid.min52d5.css]
[omundoeoseular.com.br/wp-content/plugins/elementor/assets/lib/font-awesome/css/regular.min52d5.css]
[omundoeoseular.com.br/wp-includes/js/jquery/jquery.minf43b.js]
[omundoeoseular.com.br/wp-includes/js/jquery/jquery-migrate.min5589.js]
[omundoeoseular.com.br/wp-content/plugins/hide-admin-bar-based-on-user-roles/public/js/hide-admin-bar-based-on-user-roles-public3fd0.js]
[omundoeoseular.com.br/wp-content/plugins/elementor/assets/lib/font-awesome/js/v4-shims.min5f06.js]
[omundoeoseular.com.br/jornada/index.html]
[omundoeoseular.com.br/wp-content/uploads/2022/04/Logo_Jornada-f-1.png]
[omundoeoseular.com.br/wp-content/plugins/elementor/assets/css/widget-icon-list.min.css]
[images.converteai.net/8c3a3fa8-d957-454a-95c3-b10f9c0bf835/players/65e5e40e7629f30008038a06/thumbnail.jpg]
[scripts.converteai.net/8c3a3fa8-d957-454a-95c3-b10f9c0bf835/players/65e5e40e7629f30008038a06/player.js]
[omundoeoseular.com.br/wp-content/uploads/2023/01/pv-2-1-1024x672.png]
[omundoeoseular.com.br/wp-content/uploads/2023/01/pv3-1-1024x1024.png]
[omundoeoseular.com.br/wp-content/uploads/2023/01/pv-1.jpg]
[omundoeoseular.com.br/wp-content/uploads/2022/04/80-20-f.png]
[omundoeoseular.com.br/wp-content/uploads/2024/07/tempo-pra-chegar-ate-a-fluencia.png]
[omundoeoseular.com.br/wp-content/uploads/2022/07/gmeet.png]
[omundoeoseular.com.br/wp-content/uploads/2022/07/gab-conv-ff.png]
[omundoeoseular.com.br/wp-content/uploads/2024/07/ementa-do-curso-a-jornada-do-autodidata-em-ingles-1.png]
[omundoeoseular.com.br/wp-content/uploads/2022/08/m1.png]
[omundoeoseular.com.br/wp-content/plugins/elementor/assets/css/widget-icon-box.min.css]
[omundoeoseular.com.br/wp-content/uploads/2022/08/m2.png]
[omundoeoseular.com.br/wp-content/uploads/2022/08/m3.png]
[omundoeoseular.com.br/wp-content/uploads/2022/08/m4.png]
[omundoeoseular.com.br/wp-content/uploads/2022/08/m5.png]
[omundoeoseular.com.br/wp-content/uploads/2022/08/m6.png]
[omundoeoseular.com.br/wp-content/uploads/2022/08/m7.png]
[omundoeoseular.com.br/wp-content/uploads/2022/08/m8.png]
[omundoeoseular.com.br/wp-content/uploads/2022/04/audiobook.png]
[omundoeoseular.com.br/wp-content/uploads/2022/04/homework.png]
[omundoeoseular.com.br/wp-content/uploads/2022/04/smartphone.png]
[omundoeoseular.com.br/wp-content/uploads/2022/04/guarantee-certificate-2-1-1-1.png]
[omundoeoseular.com.br/wp-content/uploads/2022/04/certificate-f.png]
[omundoeoseular.com.br/wp-content/uploads/2022/11/EFEITO-NET.jpg]
[omundoeoseular.com.br/wp-content/uploads/2024/01/combo-mockk.png]
[omundoeoseular.com.br/wp-content/uploads/2024/07/jornada-vs-tradicional-1024x853.png]
[omundoeoseular.com.br/wp-content/uploads/2022/08/32red.jpg]
[omundoeoseular.com.br/wp-content/uploads/2022/08/14red.jpg]
[omundoeoseular.com.br/wp-content/uploads/2022/08/6red.jpg]
[omundoeoseular.com.br/wp-content/uploads/2024/07/CARROSSEL-MEC-1-700x1024.png]
[omundoeoseular.com.br/wp-content/uploads/2024/07/CARROSSEL-MEC-4-1.png]
[omundoeoseular.com.br/wp-content/uploads/2023/11/bbbbbbbbbb-1.png]
[omundoeoseular.com.br/wp-content/uploads/2022/04/viajando-f.png]
[omundoeoseular.com.br/wp-content/uploads/2022/08/GABRIEL-GABRIEL-PNG-720-fffff.png]
[omundoeoseular.com.br/wp-content/uploads/2023/09/comparacao-de-preco-jornada-1-1-1024x1024.png]
[omundoeoseular.com.br/wp-content/uploads/2024/06/JULHO.png]
[omundoeoseular.com.br/wp-content/uploads/2023/12/preco-promocional.png]
[omundoeoseular.com.br/wp-content/uploads/2023/08/payment-1024x164.png]
[omundoeoseular.com.br/wp-content/uploads/2024/04/garantia-683x1024.png]
[omundoeoseular.com.br/wp-content/uploads/2022/04/Logo_Jornada-f.png]
[omundoeoseular.com.br/cdn-cgi/scripts/5c5dd728/cloudflare-static/email-decode.min.js]
[omundoeoseular.com.br/wp-content/uploads/elementor/css/post-10629e1fe.css]
[omundoeoseular.com.br/wp-content/uploads/elementor/css/post-10692e1fe.css]
[omundoeoseular.com.br/wp-content/uploads/elementor/css/post-10681e1fe.css]
[omundoeoseular.com.br/wp-content/uploads/elementor/css/post-10684e1fe.css]
[omundoeoseular.com.br/wp-content/plugins/elementor/assets/lib/font-awesome/css/brands.min52d5.css]
[omundoeoseular.com.br/wp-content/plugins/elementor-pro/assets/js/webpack-pro.runtime.mina2f3.js]
[omundoeoseular.com.br/wp-content/plugins/elementor/assets/js/webpack.runtime.min5f06.js]
[omundoeoseular.com.br/wp-content/plugins/elementor/assets/js/frontend-modules.min5f06.js]
[omundoeoseular.com.br/wp-includes/js/dist/hooks.min2757.js]
[omundoeoseular.com.br/wp-includes/js/dist/i18n.minc33c.js]
[omundoeoseular.com.br/wp-content/plugins/elementor-pro/assets/js/frontend.mina2f3.js]
[omundoeoseular.com.br/wp-content/plugins/elementor/assets/lib/waypoints/waypoints.min05da.js]
[omundoeoseular.com.br/wp-includes/js/jquery/ui/core.minb37e.js]
[omundoeoseular.com.br/wp-content/plugins/elementor/assets/js/frontend.min5f06.js]
[omundoeoseular.com.br/jornada/indexcf4f.html]
[omundoeoseular.com.br/wp-content/plugins/hide-admin-bar-based-on-user-roles/public/css/hide-admin-bar-based-on-user-roles-public3fd0.css]
[omundoeoseular.com.br/wp-content/themes/hello-elementor/style.min324d.css]
[omundoeoseular.com.br/wp-content/themes/hello-elementor/theme.min324d.css]
[omundoeoseular.com.br/wp-content/themes/hello-elementor/header-footer.min324d.css]
[omundoeoseular.com.br/wp-content/plugins/elementor/assets/lib/eicons/css/elementor-icons.mine94d.css]
[omundoeoseular.com.br/wp-content/plugins/elementor/assets/css/frontend-lite.min5f06.css]
[omundoeoseular.com.br/wp-content/plugins/elementor/assets/lib/swiper/css/swiper.min48f5.css]
[omundoeoseular.com.br/wp-content/uploads/elementor/css/post-2743da07.css]
[omundoeoseular.com.br/wp-content/plugins/elementor-pro/assets/css/frontend-lite.mina2f3.css]
[omundoeoseular.com.br/wp-content/plugins/elementor/assets/lib/font-awesome/css/all.min5f06.css]
[omundoeoseular.com.br/wp-content/plugins/elementor/assets/lib/font-awesome/css/v4-shims.min5f06.css]
[omundoeoseular.com.br/wp-content/uploads/elementor/css/post-1620d9dc.css]
[omundoeoseular.com.br/wp-content/uploads/omgf/google-fonts-1-mod-fvpfq/roboto-condensed-normal-latin-ext-400.woff2]
[omundoeoseular.com.br/wp-content/plugins/elementor-pro/assets/js/elements-handlers.mina2f3.js]
[omundoeoseular.com.br/wp-content/uploads/omgf/google-fonts-1-mod-fvpfq/roboto-condensed-normal-latin-400.woff2]
[omundoeoseular.com.br/wp-content/uploads/omgf/google-fonts-1-mod-fvpfq/roboto-condensed-normal-latin-ext-700.woff2]
[omundoeoseular.com.br/wp-content/uploads/omgf/google-fonts-1-mod-fvpfq/roboto-condensed-normal-latin-700.woff2]
[omundoeoseular.com.br/wp-content/uploads/omgf/google-fonts-1-mod-fvpfq/google-fonts-1-mod-fvpfqbc70.css]
[omundoeoseular.com.br/wp-content/plugins/elementor/assets/lib/font-awesome/css/fontawesome.min52d5.css]
[omundoeoseular.com.br/wp-content/plugins/elementor/assets/lib/font-awesome/css/solid.min52d5.css]
[omundoeoseular.com.br/wp-content/plugins/elementor/assets/lib/font-awesome/css/regular.min52d5.css]
[omundoeoseular.com.br/wp-content/cache/min/1/wp-content/plugins/elementor/assets/lib/eicons/css/elementor-icons.minc76f.css]
[omundoeoseular.com.br/wp-content/cache/min/1/wp-content/plugins/elementor/assets/lib/font-awesome/css/all.minc76f.css]
[omundoeoseular.com.br/wp-content/plugins/wp-rocket/assets/img/youtube.png]
[omundoeoseular.com.br/wp-content/cache/min/1/wp-content/uploads/omgf/google-fonts-1-mod-fvpfq/google-fonts-1-mod-fvpfqc76f.css]
[omundoeoseular.com.br/wp-content/cache/min/1/wp-content/plugins/elementor/assets/lib/font-awesome/css/solid.minc76f.css]
[omundoeoseular.com.br/wp-content/cache/min/1/wp-content/plugins/elementor/assets/lib/font-awesome/css/regular.mine1fe.css]
[omundoeoseular.com.br/jornada/Firefox/index.html]
[omundoeoseular.com.br/wp-content/cache/min/1/wp-content/plugins/elementor/assets/lib/font-awesome/css/brands.minc76f.css]
[omundoeoseular.com.br/wp-content/plugins/wp-rocket/assets/js/lazyload/17.8.3/lazyload.min.js]
[omundoeoseular.com.br/jornada/index.html]
[launcher.hotmart.com/launcher.js]
[www.googletagmanager.com/gtm5445.html]
[omundoeoseular.com.br/wp-content/uploads/2022/04/Logo_Jornada-f-1.html]
[omundoeoseular.com.br/wp-content/plugins/elementor/assets/css/widget-icon-list.min.css]
[omundoeoseular.com.br/wp-content/plugins/elementor/assets/css/widget-icon-box.min.css]
[omundoeoseular.com.br/wp-content/uploads/elementor/css/post-10629e1fe.css]
[omundoeoseular.com.br/wp-content/uploads/elementor/css/post-10692e1fe.css]
[omundoeoseular.com.br/wp-content/uploads/elementor/css/post-10681e1fe.css]
[omundoeoseular.com.br/wp-content/uploads/elementor/css/post-10684e1fe.css]
[omundoeoseular.com.br/wp-content/plugins/elementor/assets/lib/font-awesome/css/brands.min52d5.css]
[omundoeoseular.com.br/wp-content/plugins/wp-rocket/assets/js/heartbeatd25a.js]
[omundoeoseular.com.br/jornada/Firefox/index.html]
[omundoeoseular.com.br/wp-content/cache/min/1/wp-content/plugins/elementor/assets/lib/eicons/css/elementor-icons.minc76f.css]
[omundoeoseular.com.br/wp-content/cache/min/1/wp-content/plugins/elementor/assets/lib/font-awesome/css/all.minc76f.css]
[omundoeoseular.com.br/wp-content/cache/min/1/wp-content/uploads/omgf/google-fonts-1-mod-fvpfq/google-fonts-1-mod-fvpfqc76f.css]
[omundoeoseular.com.br/wp-content/cache/min/1/wp-content/plugins/elementor/assets/lib/font-awesome/css/solid.minc76f.css]
[omundoeoseular.com.br/wp-content/cache/min/1/wp-content/plugins/elementor/assets/lib/font-awesome/css/regular.mine1fe.css]
[omundoeoseular.com.br/wp-content/cache/min/1/wp-content/plugins/elementor/assets/lib/font-awesome/css/brands.minc76f.css]
[i.ytimg.com/vi/ID/hqdefault.jpg]
